<html>
<body>
<pre>
<h1>�Vision Build Log</h1>
<h2>Tool Versions:</h2>
IDE-Version: ��Vision V5.24.2.0
Copyright (C) 2017 ARM Ltd and ARM Germany GmbH. All rights reserved.
License Information: ROG ROG, ROG, LIC=65ISZ-JAN3W-8TN3P-M6Q13-P31TH-9MM8K
 
Tool Versions:
Toolchain:       MDK-ARM Plus  Version: 5.24.1
Toolchain Path:  D:\666666\ARM\ARMCC\Bin
C Compiler:      Armcc.exe V5.06 update 5 (build 528)
Assembler:       Armasm.exe V5.06 update 5 (build 528)
Linker/Locator:  ArmLink.exe V5.06 update 5 (build 528)
Library Manager: ArmAr.exe V5.06 update 5 (build 528)
Hex Converter:   FromElf.exe V5.06 update 5 (build 528)
CPU DLL:         SARMCM3.DLL V5.24.1
Dialog DLL:      DCM.DLL V1.16.0.0
Target DLL:      STLink\ST-LINKIII-KEIL_SWO.dll V3.0.1.0
Dialog DLL:      TCM.DLL V1.32.0.0
 
<h2>Project:</h2>
S:\����\����stm32������ũҵ����ϵͳ\cqy\USER\LED.uvprojx
Project File Date:  03/25/2023

<h2>Output:</h2>
*** Using Compiler 'V5.06 update 5 (build 528)', folder: 'D:\666666\ARM\ARMCC\Bin'
Rebuild target 'LED'
assembling startup_stm32f10x_hd.s...
compiling stm32f10x_usart.c...
compiling stm32f10x_can.c...
compiling stm32f10x_dma.c...
compiling stm32f10x_exti.c...
compiling core_cm3.c...
compiling stm32f10x_rcc.c...
compiling stm32f10x_dac.c...
compiling stm32f10x_crc.c...
compiling misc.c...
compiling stm32f10x_bkp.c...
compiling stm32f10x_gpio.c...
compiling stm32f10x_dbgmcu.c...
compiling stm32f10x_cec.c...
compiling stm32f10x_adc.c...
compiling stm32f10x_flash.c...
compiling stm32f10x_fsmc.c...
compiling stm32f10x_i2c.c...
compiling stm32f10x_iwdg.c...
compiling stm32f10x_rtc.c...
compiling stm32f10x_pwr.c...
compiling delay.c...
compiling stm32f10x_sdio.c...
compiling stm32f10x_wwdg.c...
compiling timer.c...
..\HARDWARE\DHT11\dht11.h(33): warning:  #1-D: last line of file ends without a newline
   
..\HARDWARE\Relay\relay.h(14): warning:  #1-D: last line of file ends without a newline
  void LightRelayOff(void);
..\SYSTEM\TIMER\timer.c: 2 warnings, 0 errors
compiling dht11.c...
..\HARDWARE\DHT11\dht11.h(33): warning:  #1-D: last line of file ends without a newline
   
..\HARDWARE\DHT11\dht11.c(114): warning:  #1-D: last line of file ends without a newline
  }
..\HARDWARE\DHT11\dht11.c: 2 warnings, 0 errors
compiling stm32f10x_spi.c...
compiling oled.c...
compiling usart.c...
compiling stm32f10x_tim.c...
compiling sys.c...
compiling MqttKit.c...
compiling relay.c...
..\HARDWARE\Relay\relay.h(14): warning:  #1-D: last line of file ends without a newline
  void LightRelayOff(void);
..\HARDWARE\Relay\relay.c: 1 warning, 0 errors
compiling adc.c...
compiling esp8266.c...
compiling cJSON.c...
..\NET\CJSON\cJSON.c(55): warning:  #1293-D: assignment in condition
        if (!(copy = (char*)cJSON_malloc(len))) return 0;
..\NET\CJSON\cJSON.c(278): warning:  #1293-D: assignment in condition
  	ptr=str;while ((token=*ptr) && ++len) {if (strchr("\"\\\b\f\n\r\t",token)) len++; else if (token<32) len+=5;ptr++;}
..\NET\CJSON\cJSON.c(352): warning:  #111-D: statement is unreachable
  	return p.buffer;
..\NET\CJSON\cJSON.c(423): warning:  #1293-D: assignment in condition
  		if (!(new_item=cJSON_New_Item())) return 0; 	/* memory fail */
..\NET\CJSON\cJSON.c(535): warning:  #1293-D: assignment in condition
  		if (!(new_item=cJSON_New_Item()))	return 0; /* memory fail */
..\NET\CJSON\cJSON.c: 5 warnings, 0 errors
compiling onenet.c...
..\HARDWARE\DHT11\dht11.h(33): warning:  #1-D: last line of file ends without a newline
   
..\HARDWARE\Relay\relay.h(14): warning:  #1-D: last line of file ends without a newline
  void LightRelayOff(void);
..\NET\onenet\onenet.c: 2 warnings, 0 errors
compiling stm32f10x_it.c...
compiling main.c...
..\HARDWARE\DHT11\dht11.h(33): warning:  #1-D: last line of file ends without a newline
   
..\HARDWARE\Relay\relay.h(14): warning:  #1-D: last line of file ends without a newline
  void LightRelayOff(void);
..\HARDWARE\Relay\relay.h(14): warning:  #1-D: last line of file ends without a newline
  void LightRelayOff(void);
main.c(99): warning:  #870-D: invalid multibyte character sequence
  				UsartPrintf(
SART_DEBUG ,"土壤湿度阈�?:%d  光照强度阈�?:%d  补光:%d 补水:%d  \r\n",Soilvalue,Lightvalue,Lightkey,Soilkey);
main.c(99): warning:  #870-D: invalid multibyte character sequence
  				UsartPrintf(
SART_DEBUG ,"土壤湿度阈�?:%d  光照强度阈�?:%d  补光:%d 补水:%d  \r\n",Soilvalue,Lightvalue,Lightkey,Soilkey);
main.c: 5 warnings, 0 errors
compiling system_stm32f10x.c...
linking...
Program Size: Code=41514 RO-data=3126 RW-data=104 ZI-data=2144  
FromELF: creating hex file...
"..\OBJ\LED.axf" - 0 Error(s), 17 Warning(s).

<h2>Software Packages used:</h2>

Package Vendor: Keil
                http://www.keil.com/pack/Keil.STM32F1xx_DFP.2.2.0.pack
                Keil.STM32F1xx_DFP.2.2.0
                STMicroelectronics STM32F1 Series Device Support, Drivers and Examples

<h2>Collection of Component include folders:</h2>
  .\RTE\_LED
  D:\666666\Keil\STM32F1xx_DFP\2.2.0\Device\Include

<h2>Collection of Component Files used:</h2>
Build Time Elapsed:  00:00:05
</pre>
</body>
</html>
